// Vitest Snapshot v1, https://vitest.dev/guide/snapshot.html

exports[`renderPlugin > overrides the default values when other values are given 1`] = `
{
  "body": {
    "id": "table-body",
    "render": [Function],
    "rows": [
      {
        "cells": [
          {
            "id": "table-bodyRow-0-bodyCell-global",
            "rawValue": "Global",
            "render": [Function],
            "row": {
              "global": "Global",
              "local": "Local",
            },
            "serializedValue": "Global",
          },
          {
            "id": "table-bodyRow-0-bodyCell-local",
            "rawValue": "Local",
            "render": [Function],
            "row": {
              "global": "Global",
              "local": "Local",
            },
            "serializedValue": "Local",
          },
        ],
        "id": "table-bodyRow-0",
        "render": [Function],
        "values": {
          "global": {
            "rawValue": "Global",
            "serializedValue": "Global",
          },
          "local": {
            "rawValue": "Local",
            "serializedValue": "Local",
          },
        },
      },
    ],
  },
  "head": {
    "id": "table-head",
    "render": [Function],
    "rows": [
      {
        "cells": [
          {
            "id": "table-headRow-0-headCell-global",
            "label": "Global",
            "name": "global",
            "render": [Function],
          },
          {
            "id": "table-headRow-0-headCell-local",
            "label": "Local",
            "name": "local",
            "render": [Function],
          },
        ],
        "id": "table-headRow-0",
        "render": [Function],
      },
    ],
  },
  "id": "table",
  "originalBody": {
    "id": "table-body",
    "rows": [
      {
        "cells": [
          {
            "id": "table-bodyRow-0-bodyCell-global",
            "rawValue": "Global",
            "row": {
              "global": "Global",
              "local": "Local",
            },
            "serializedValue": "Global",
          },
          {
            "id": "table-bodyRow-0-bodyCell-local",
            "rawValue": "Local",
            "row": {
              "global": "Global",
              "local": "Local",
            },
            "serializedValue": "Local",
          },
        ],
        "id": "table-bodyRow-0",
        "values": {
          "global": {
            "rawValue": "Global",
            "serializedValue": "Global",
          },
          "local": {
            "rawValue": "Local",
            "serializedValue": "Local",
          },
        },
      },
    ],
  },
  "originalHead": {
    "id": "table-head",
    "rows": [
      {
        "cells": [
          {
            "id": "table-headRow-0-headCell-global",
            "label": "Global",
            "name": "global",
          },
          {
            "id": "table-headRow-0-headCell-local",
            "label": "Local",
            "name": "local",
          },
        ],
        "id": "table-headRow-0",
      },
    ],
  },
  "render": [Function],
}
`;
